// Jest Snapshot v1, https://goo.gl/fbAQLP

exports[`must be a no-op for an empty list 1`] = `Array []`;

exports[`must identify each range 1`] = `
Array [
  Array [
    0,
    2,
  ],
  Array [
    2,
    4,
  ],
  Array [
    4,
    6,
  ],
  Array [
    6,
    8,
  ],
]
`;

exports[`must identify the full list as a single range 1`] = `
Array [
  Array [
    0,
    5,
  ],
]
`;

exports[`must properly use \`areEqualFn\` 1`] = `
Array [
  Array [
    0,
    1,
  ],
  Array [
    1,
    2,
  ],
  Array [
    2,
    3,
  ],
  Array [
    3,
    4,
  ],
  Array [
    4,
    5,
  ],
]
`;

exports[`must properly use \`filterFn\` 1`] = `Array []`;
