// Jest Snapshot v1, https://goo.gl/fbAQLP

exports[`must find its next delimiter when block does not have siblings 1`] = `"D"`;

exports[`must find its next sibling when has siblings 1`] = `"F"`;

exports[`must return null when block is ContentBlock 1`] = `null`;

exports[`must return null when block is the last block 1`] = `null`;

exports[`must return null when only blocks after it are its own descendants 1`] = `null`;
